// Jest Snapshot v1, https://goo.gl/fbAQLP

exports[`Home page matches snapshot 1`] = `
<DocumentFragment>
  <div>
    <main
      class="main"
    >
      <h1
        class="title"
      >
        Count Those Words
      </h1>
      <p
        class="description"
      >
        Give me a URL, and I will give you the word count
      </p>
      <form>
        <label
          for="name"
        >
          URL
        </label>
        <input
          autocomplete="name"
          id="name"
          name="name"
          required=""
          type="text"
        />
        <button
          type="submit"
        >
          Count
        </button>
      </form>
      <div>
        <table
          class="table table-sm table-striped table-bordered table-hover"
        >
          <thead>
            <tr>
              <th
                class="colName"
              >
                Word
              </th>
              <th
                class="colState"
              >
                Number of Occurance
              </th>
            </tr>
          </thead>
          <tbody />
        </table>
      </div>
    </main>
  </div>
</DocumentFragment>
`;
